../Core/Src/main.c:73:5:__io_putchar	16	static
../Core/Src/main.c:228:5:fonction	24	static
../Core/Src/main.c:243:5:addition	32	static
../Core/Src/main.c:260:5:allume_led	16	static
../Core/Src/main.c:266:5:eteint_led	16	static
../Core/Src/main.c:274:6:configureTimerForRunTimeStats	8	static
../Core/Src/main.c:279:15:getRunTimeCounterValue	4	static
../Core/Src/main.c:284:6:TacheStats	528	static
../Core/Src/main.c:297:6:ShellTask	16	static
../Core/Src/main.c:317:6:tache_bidon	16	static
../Core/Src/main.c:324:6:cree_plusieurs_taches	40	static
../Core/Src/main.c:347:6:vApplicationStackOverflowHook	24	static,ignoring_inline_asm
../Core/Src/main.c:363:10:Recursif	144	static
../Core/Src/main.c:356:6:TacheOverflow	24	static
../Core/Src/main.c:383:5:main	16	static
../Core/Src/main.c:510:6:SystemClock_Config	88	static
../Core/Src/main.c:570:6:HAL_TIM_PeriodElapsedCallback	16	static
../Core/Src/main.c:588:6:Error_Handler	4	static,ignoring_inline_asm
